// Jest Snapshot v1, https://goo.gl/fbAQLP

exports[`button should snapshot button 1`] = `
<DocumentFragment>
  .c0 {
  color: #0000ff;
}

<button
    class="c0"
  />
</DocumentFragment>
`;
